// Jest Snapshot v1, https://goo.gl/fbAQLP

exports[`SelectSessionButton default render 1`] = `undefined`;

exports[`SelectSessionButton disabled states 1`] = `
<ActionButton
  disabled={false}
  onClick={[MockFunction mockOpenSessionModal]}
>
  Select Session
</ActionButton>
`;
